[1m[92m    Finished[0m `test` profile [unoptimized + debuginfo] target(s) in 0.10s
[1m[92m     Running[0m tests\wpt_css_syntax.rs (target\debug\deps\wpt_css_syntax-8a8fe517329930da.exe)

running 1 test

═══════════════════════════════════════════════════════════════
 WPT css/css-syntax (parser level) — results
═══════════════════════════════════════════════════════════════
 fixture                                  pass     fail    total
 ─────────────────────────────────────────────────────────────────
 at-rule-in-declaration-list.json            6        0        6
 charset-is-not-a-rule.json                  1        0        1
 custom-property-rule-ambiguity.json         2        0        2
 trailing-braces.json                        1        0        1
 url-whitespace-consumption.json             3        0        3
 var-with-blocks.json                       14        0       14
 ─────────────────────────────────────────────────────────────────
 TOTAL                                      27        0       27   (100.0%)

── failures ──
═══════════════════════════════════════════════════════════════

PASS RATE: 100.0% (27/27) — informational; not asserting a hard threshold yet.
test wpt_css_syntax_parser_suite ... ok

test result: ok. 1 passed; 0 failed; 0 ignored; 0 measured; 0 filtered out; finished in 0.01s

