[1m[92m    Finished[0m `test` profile [unoptimized + debuginfo] target(s) in 0.04s
[1m[92m     Running[0m tests/wpt_css_syntax.rs (target/debug/deps/wpt_css_syntax-e104bcb14c15a41f)

running 1 test

═══════════════════════════════════════════════════════════════
 WPT css/css-syntax (tokenizer level) — results
═══════════════════════════════════════════════════════════════
 fixture                                  pass     fail    total
 ─────────────────────────────────────────────────────────────────
 cdc-vs-ident-tokens.json                    2        0        2
 escaped-eof.json                            4        0        4
 input-preprocessing.json                    5        0        5
 non-ascii-codepoints.json                  55        0       55
 unclosed-url-at-eof.json                    2        0        2
 whitespace.json                            31        0       31
 ─────────────────────────────────────────────────────────────────
 TOTAL                                      99        0       99   (100.0%)

── failures ──
═══════════════════════════════════════════════════════════════

PASS RATE: 100.0% (99/99) — informational; not asserting a hard threshold yet.
test wpt_css_syntax_tokenizer_suite ... ok

test result: ok. 1 passed; 0 failed; 0 ignored; 0 measured; 0 filtered out; finished in 0.01s

