[1m[92m   Compiling[0m muskitty-selectors v0.2.1 (/workspace/crates/muskitty-selectors)
[1m[92m    Finished[0m `test` profile [unoptimized + debuginfo] target(s) in 0.61s
[1m[92m     Running[0m tests/wpt_parsing.rs (target/debug/deps/wpt_parsing-da3f98a0a4b6998a)

running 1 test

═══════════════════════════════════════════════════════════════
 WPT css/selectors/parsing — results (validity assertions)
═══════════════════════════════════════════════════════════════
 fixture                                              pass     fail    total
 ─────────────────────────────────────────────────────────────────
 css-syntax-anb-parsing.json                            67        0       67
 css-syntax-escaped-eof-selector.json                    2        0        2
 css-syntax-ident-three-code-points.json                 8        0        8
 css-syntax-inclusive-ranges-ident.json                 28        0       28
 invalid-pseudos.json                                   12        0       12
 parse-anplusb.json                                    112        0      112
 parse-attribute.json                                   16        0       16
 parse-child.json                                        2        0        2
 parse-class.json                                        4        0        4
 parse-descendant.json                                   3        0        3
 parse-focus-visible.json                                3        0        3
 parse-has-disallow-nesting-has-inside-has.json          1        0        1
 parse-has-forgiving-selector.json                       3        0        3
 parse-has-slotted.tentative.json                       22        1       23
 parse-has.json                                         29        0       29
 parse-heading.json                                     28        0       28
 parse-id.json                                           3        0        3
 parse-is-where.json                                    45        0       45
 parse-is.json                                           6        0        6
 parse-not.json                                         26        0       26
 parse-part.json                                        32        0       32
 parse-sibling.json                                      3        0        3
 parse-slotted.json                                     19        0       19
 parse-state.json                                       24        0       24
 parse-universal.json                                    3        0        3
 parse-where.json                                        6        0        6
 ─────────────────────────────────────────────────────────────────
 TOTAL                                                 507        1      508   (99.8%)

── failures ──

[parse-has-slotted.tentative.html] ":has-slotted(div + div)" (valid)  expected valid, got error: UnexpectedToken("expected ')' to close :has-slotted(...), got Delim('+')")
═══════════════════════════════════════════════════════════════

PASS RATE: 99.8% (507/508) — informational for non-guarded fixtures; HARD_ASSERT_100 fixtures are hard-asserted.
test wpt_selector_parsing_suite ... ok

test result: ok. 1 passed; 0 failed; 0 ignored; 0 measured; 0 filtered out; finished in 0.07s

